=== python3 validation_scripts/stage_artifact_contract_check.py A runs/2026-09-10/sep9-r1-current-main-production-r1/stages/stage-a.json ===
{
  "status": "PASS",
  "stage": "A",
  "item_count": 15,
  "missing_count": 0,
  "findings": []
}
=== python3 validation_scripts/stage_lineage_contract_check.py stage_a runs/2026-09-10/sep9-r1-current-main-production-r1/stages/stage-a.json ===
RESULT: BLOCKED_STAGE_OUTPUT_SCHEMA_NONCOMPLIANT
- full Stage A artifact required_docs_check must be an object
=== python3 validation_scripts/stage_artifact_contract_check.py A runs/2026-09-10/sep9-r1-current-main-production-r1/stages/stage-a-promotion2.json ===
{
  "status": "PASS",
  "stage": "A",
  "item_count": 1,
  "missing_count": 0,
  "findings": []
}
=== python3 validation_scripts/stage_lineage_contract_check.py stage_a runs/2026-09-10/sep9-r1-current-main-production-r1/stages/stage-a-promotion2.json ===
RESULT: BLOCKED_STAGE_OUTPUT_SCHEMA_NONCOMPLIANT
- full Stage A artifact required_docs_check must be an object
=== python3 validation_scripts/stage_artifact_contract_check.py B runs/2026-09-10/sep9-r1-current-main-production-r1/stages/stage-b.json ===
{
  "status": "PASS",
  "stage": "B",
  "item_count": 16,
  "missing_count": 0,
  "findings": []
}
=== python3 validation_scripts/stage_artifact_contract_check.py C runs/2026-09-10/sep9-r1-current-main-production-r1/stages/stage-c.json ===
{
  "status": "PASS",
  "stage": "C",
  "item_count": 16,
  "missing_count": 0,
  "findings": []
}
=== python3 validation_scripts/stage_artifact_contract_check.py 0.4 runs/2026-09-10/sep9-r1-current-main-production-r1/stages/stage-0-4.json ===
{
  "status": "BLOCKED_STAGE_OUTPUT_SCHEMA_NONCOMPLIANT",
  "stage": "0.4",
  "item_count": 16,
  "missing_count": 16,
  "findings": [
    {
      "scope": "STD26_0909_A_002",
      "field": "addability_outcome",
      "message": "must be a validator-bound addable_merge_safe route"
    },
    {
      "scope": "STD26_0909_A_003",
      "field": "addability_outcome",
      "message": "must be a validator-bound addable_merge_safe route"
    },
    {
      "scope": "STD26_0909_A_004",
      "field": "addability_outcome",
      "message": "must be a validator-bound addable_merge_safe route"
    },
    {
      "scope": "STD26_0909_A_007",
      "field": "addability_outcome",
      "message": "must be a validator-bound addable_merge_safe route"
    },
    {
      "scope": "STD26_0909_A_009",
      "field": "addability_outcome",
      "message": "must be a validator-bound addable_merge_safe route"
    },
    {
      "scope": "STD26_0909_A_010",
      "field": "addability_outcome",
      "message": "must be a validator-bound addable_merge_safe route"
    },
    {
      "scope": "STD26_0909_A_012",
      "field": "addability_outcome",
      "message": "must be a validator-bound addable_merge_safe route"
    },
    {
      "scope": "STD26_0909_A_013",
      "field": "addability_outcome",
      "message": "must be a validator-bound addable_merge_safe route"
    },
    {
      "scope": "STD26_0909_A_015",
      "field": "addability_outcome",
      "message": "must be a validator-bound addable_merge_safe route"
    },
    {
      "scope": "STD26_0909_A_016",
      "field": "addability_outcome",
      "message": "must be a validator-bound addable_merge_safe route"
    },
    {
      "scope": "STD26_0909_A_017",
      "field": "addability_outcome",
      "message": "must be a validator-bound addable_merge_safe route"
    },
    {
      "scope": "STD26_0909_A_018",
      "field": "addability_outcome",
      "message": "must be a validator-bound addable_merge_safe route"
    },
    {
      "scope": "STD26_0909_A_019",
      "field": "addability_outcome",
      "message": "must be a validator-bound addable_merge_safe route"
    },
    {
      "scope": "STD26_0909_A_020",
      "field": "addability_outcome",
      "message": "must be a validator-bound addable_merge_safe route"
    },
    {
      "scope": "STD26_0909_A_021",
      "field": "addability_outcome",
      "message": "must be a validator-bound addable_merge_safe route"
    },
    {
      "scope": "STD26_0909_P_002",
      "field": "addability_outcome",
      "message": "must be a validator-bound addable_merge_safe route"
    }
  ]
}
=== python3 validation_scripts/stage_artifact_contract_check.py 0.5 runs/2026-09-10/sep9-r1-current-main-production-r1/stages/stage-0-5.json ===
{
  "status": "PASS",
  "stage": "0.5",
  "item_count": 16,
  "missing_count": 0,
  "findings": []
}
=== python3 validation_scripts/stage_artifact_contract_check.py 0.6 runs/2026-09-10/sep9-r1-current-main-production-r1/stages/stage-0-6.json ===
{
  "status": "PASS",
  "stage": "0.6",
  "item_count": 16,
  "missing_count": 0,
  "findings": []
}
=== python3 validation_scripts/stage_artifact_contract_check.py 0.7 runs/2026-09-10/sep9-r1-current-main-production-r1/stages/stage-0-7.json ===
{
  "status": "PASS",
  "stage": "0.7",
  "item_count": 16,
  "missing_count": 0,
  "findings": []
}
FORMAL_CHAIN_RECERTIFICATION_FAILED rc=1
